2026-09-23T22:15:44Z started. waiting for abl_AA ckpt >= 122070
2026-09-23T22:15:44Z abl_AA at 42000/122070 -- waiting
2026-09-23T22:20:44Z abl_AA at 42000/122070 -- waiting
2026-09-23T22:25:48Z abl_AA at 44000/122070 -- waiting
2026-09-23T22:30:58Z abl_AA at 44000/122070 -- waiting
2026-09-23T22:36:06Z abl_AA at 46000/122070 -- waiting
2026-09-23T22:41:06Z abl_AA at 46000/122070 -- waiting
2026-09-23T22:46:06Z abl_AA at 48000/122070 -- waiting
2026-09-23T22:51:07Z abl_AA at 48000/122070 -- waiting
2026-09-23T22:56:32Z abl_AA at 50000/122070 -- waiting
2026-09-23T23:02:27Z abl_AA at 52000/122070 -- waiting
2026-09-23T23:07:27Z abl_AA at 54000/122070 -- waiting
2026-09-23T23:12:27Z abl_AA at 54000/122070 -- waiting
2026-09-23T23:17:27Z abl_AA at 56000/122070 -- waiting
2026-09-23T23:22:28Z abl_AA at 56000/122070 -- waiting
2026-09-23T23:27:28Z abl_AA at 58000/122070 -- waiting
2026-09-23T23:32:28Z abl_AA at 58000/122070 -- waiting
2026-09-23T23:37:28Z abl_AA at 60000/122070 -- waiting
2026-09-23T23:42:37Z abl_AA at 60000/122070 -- waiting
2026-09-23T23:48:33Z abl_AA at 60000/122070 -- waiting
2026-09-23T23:53:33Z abl_AA at 62000/122070 -- waiting
2026-09-23T23:58:33Z abl_AA at 62000/122070 -- waiting
2026-09-24T00:03:33Z abl_AA at 64000/122070 -- waiting
2026-09-24T00:08:34Z abl_AA at 64000/122070 -- waiting
2026-09-24T00:15:12Z abl_AA at 66000/122070 -- waiting
2026-09-24T00:20:12Z abl_AA at 66000/122070 -- waiting
2026-09-24T00:25:12Z abl_AA at 68000/122070 -- waiting
2026-09-24T00:30:12Z abl_AA at 68000/122070 -- waiting
2026-09-24T00:35:12Z abl_AA at 70000/122070 -- waiting
2026-09-24T00:40:13Z abl_AA at 70000/122070 -- waiting
2026-09-24T00:45:15Z abl_AA at 72000/122070 -- waiting
2026-09-24T00:50:15Z abl_AA at 72000/122070 -- waiting
2026-09-24T00:55:15Z abl_AA at 74000/122070 -- waiting
2026-09-24T01:00:15Z abl_AA at 74000/122070 -- waiting
2026-09-24T01:05:15Z abl_AA at 76000/122070 -- waiting
2026-09-24T01:10:16Z abl_AA at 76000/122070 -- waiting
2026-09-24T01:15:16Z abl_AA at 78000/122070 -- waiting
2026-09-24T01:20:16Z abl_AA at 78000/122070 -- waiting
2026-09-24T01:25:16Z abl_AA at 80000/122070 -- waiting
2026-09-24T01:30:32Z abl_AA at 80000/122070 -- waiting
2026-09-24T01:35:32Z abl_AA at 82000/122070 -- waiting
2026-09-24T01:40:32Z abl_AA at 82000/122070 -- waiting
2026-09-24T01:45:32Z abl_AA at 84000/122070 -- waiting
2026-09-24T01:51:45Z abl_AA at 84000/122070 -- waiting
2026-09-24T01:56:45Z abl_AA at 86000/122070 -- waiting
2026-09-24T02:02:18Z abl_AA at 88000/122070 -- waiting
2026-09-24T02:07:19Z abl_AA at 88000/122070 -- waiting
2026-09-24T02:12:26Z abl_AA at 90000/122070 -- waiting
2026-09-24T02:17:27Z abl_AA at 90000/122070 -- waiting
2026-09-24T02:22:27Z abl_AA at 92000/122070 -- waiting
2026-09-24T02:27:27Z abl_AA at 92000/122070 -- waiting
2026-09-24T02:32:27Z abl_AA at 94000/122070 -- waiting
2026-09-24T02:37:27Z abl_AA at 94000/122070 -- waiting
2026-09-24T02:42:32Z abl_AA at 96000/122070 -- waiting
2026-09-24T02:47:32Z abl_AA at 96000/122070 -- waiting
2026-09-24T02:52:32Z abl_AA at 96000/122070 -- waiting
2026-09-24T02:57:32Z abl_AA at 98000/122070 -- waiting
2026-09-24T03:02:32Z abl_AA at 98000/122070 -- waiting
2026-09-24T03:07:32Z abl_AA at 100000/122070 -- waiting
2026-09-24T03:12:32Z abl_AA at 100000/122070 -- waiting
2026-09-24T03:17:32Z abl_AA at 102000/122070 -- waiting
2026-09-24T03:22:33Z abl_AA at 102000/122070 -- waiting
2026-09-24T03:27:33Z abl_AA at 104000/122070 -- waiting
2026-09-24T03:32:39Z abl_AA at 104000/122070 -- waiting
2026-09-24T03:37:40Z abl_AA at 106000/122070 -- waiting
2026-09-24T03:42:40Z abl_AA at 108000/122070 -- waiting
2026-09-24T03:47:40Z abl_AA at 108000/122070 -- waiting
2026-09-24T03:52:40Z abl_AA at 110000/122070 -- waiting
2026-09-24T03:57:40Z abl_AA at 110000/122070 -- waiting
2026-09-24T04:02:40Z abl_AA at 112000/122070 -- waiting
2026-09-24T04:07:40Z abl_AA at 112000/122070 -- waiting
2026-09-24T04:12:40Z abl_AA at 114000/122070 -- waiting
2026-09-24T04:17:40Z abl_AA at 114000/122070 -- waiting
2026-09-24T04:22:40Z abl_AA at 116000/122070 -- waiting
2026-09-24T04:27:40Z abl_AA at 116000/122070 -- waiting
2026-09-24T04:32:40Z abl_AA at 118000/122070 -- waiting
2026-09-24T04:37:40Z abl_AA at 120000/122070 -- waiting
2026-09-24T04:42:40Z abl_AA at 122000/122070 -- waiting
2026-09-24T04:47:41Z abl_AA reached 122070 >= 122070
2026-09-24T04:47:41Z killing abl_X job 1876408 (at step 21600) so the watchdog resubmits it at 16 GPUs
Job <1876408> is being terminated
2026-09-24T04:48:26Z final state of 1876408: EXIT
2026-09-24T04:48:26Z done. watchdog will resubmit abl_X at 16 GPUs within one poll cycle.
